layer at (0,0) size 800x600
  LayoutView at (0,0) size 800x600
layer at (0,0) size 800x136
  LayoutBlockFlow {HTML} at (0,0) size 800x136
    LayoutBlockFlow {BODY} at (8,8) size 784x120
layer at (8,8) size 200x120 clip at (8,8) size 185x105 scrollWidth 400 scrollHeight 300
  LayoutBlockFlow {DIV} at (0,0) size 200x120
    LayoutBlockFlow (anonymous) at (0,0) size 155x100
      LayoutBR {BR} at (0,0) size 0x19
      LayoutText {#text} at (0,20) size 139x79
        text run at (0,20) width 98: "This should be a"
        text run at (0,40) width 139: "scrollable text box with"
        text run at (0,60) width 131: "horizontal and vertical"
        text run at (0,80) width 36: "scroll."
    LayoutBlockFlow {DIV} at (0,100) size 400x200
