layer at (0,0) size 800x600
  LayoutView at (0,0) size 800x600
layer at (0,0) size 800x514
  LayoutBlockFlow {HTML} at (0,0) size 800x514
    LayoutBlockFlow {BODY} at (8,16) size 784x490
      LayoutBlockFlow {P} at (0,0) size 784x18
        LayoutText {#text} at (0,0) size 709x18
          text run at (0,0) width 497: "Verify that the alignment and writing direction of each selected item matches "
          text run at (496,0) width 213: "the one below the pop-up button."
      LayoutBlockFlow {DIV} at (0,34) size 784x228
        LayoutMenuList {SELECT} at (0,0) size 500x21 [bgcolor=#F8F8F8]
          LayoutBlockFlow (anonymous) at (0,0) size 500x21
            LayoutText (anonymous) at (8,2) size 161x16
              text run at (8,2) width 31: "First "
              text run at (38,2) width 50 RTL: ") \x{5E8}\x{5D1}\x{5D9}\x{5E2}\x{5D9}\x{5EA}"
              text run at (87,2) width 17: "03"
              text run at (103,2) width 37 RTL: "\x{5E9}\x{5E0}\x{5D9}\x{5D4} ("
              text run at (139,2) width 30: " fifth"
        LayoutBlockFlow {DIV} at (0,21) size 470x36
          LayoutText {#text} at (10,10) size 163x16
            text run at (10,10) width 32: "First "
            text run at (41,10) width 48 RTL: ") \x{5E8}\x{5D1}\x{5D9}\x{5E2}\x{5D9}\x{5EA}"
            text run at (89,10) width 17: "03"
            text run at (105,10) width 37 RTL: "\x{5E9}\x{5E0}\x{5D9}\x{5D4} ("
            text run at (141,10) width 32: " fifth"
        LayoutMenuList {SELECT} at (0,57) size 500x21 [bgcolor=#F8F8F8]
          LayoutBlockFlow (anonymous) at (0,0) size 500x21
            LayoutText (anonymous) at (8,2) size 161x16
              text run at (8,2) width 26: "fifth"
              text run at (33,2) width 53 RTL: ") \x{5E8}\x{5D1}\x{5D9}\x{5E2}\x{5D9}\x{5EA} "
              text run at (85,2) width 17: "03"
              text run at (101,2) width 41 RTL: " \x{5E9}\x{5E0}\x{5D9}\x{5D4} ("
              text run at (141,2) width 28: "First"
        LayoutBlockFlow {DIV} at (0,78) size 470x36
          LayoutText {#text} at (10,10) size 163x16
            text run at (10,10) width 27: "fifth"
            text run at (36,10) width 52 RTL: ") \x{5E8}\x{5D1}\x{5D9}\x{5E2}\x{5D9}\x{5EA} "
            text run at (87,10) width 17: "03"
            text run at (103,10) width 42 RTL: " \x{5E9}\x{5E0}\x{5D9}\x{5D4} ("
            text run at (144,10) width 29: "First"
        LayoutMenuList {SELECT} at (0,114) size 500x21 [bgcolor=#F8F8F8]
          LayoutBlockFlow (anonymous) at (0,0) size 500x21
            LayoutText (anonymous) at (8,2) size 161x16
              text run at (8,2) width 161 LTR override: "First \x{5E9}\x{5E0}\x{5D9}\x{5D4} (03) \x{5E8}\x{5D1}\x{5D9}\x{5E2}\x{5D9}\x{5EA} fifth"
        LayoutBlockFlow {DIV} at (0,135) size 470x36
          LayoutText {#text} at (10,10) size 163x16
            text run at (10,10) width 163 LTR override: "First \x{5E9}\x{5E0}\x{5D9}\x{5D4} (03) \x{5E8}\x{5D1}\x{5D9}\x{5E2}\x{5D9}\x{5EA} fifth"
        LayoutMenuList {SELECT} at (0,171) size 500x21 [bgcolor=#F8F8F8]
          LayoutBlockFlow (anonymous) at (0,0) size 500x21
            LayoutText (anonymous) at (8,2) size 161x16
              text run at (8,2) width 161 RTL override: "First \x{5E9}\x{5E0}\x{5D9}\x{5D4} (03) \x{5E8}\x{5D1}\x{5D9}\x{5E2}\x{5D9}\x{5EA} fifth"
        LayoutBlockFlow {DIV} at (0,192) size 470x36
          LayoutText {#text} at (10,10) size 163x16
            text run at (10,10) width 163 RTL override: "First \x{5E9}\x{5E0}\x{5D9}\x{5D4} (03) \x{5E8}\x{5D1}\x{5D9}\x{5E2}\x{5D9}\x{5EA} fifth"
      LayoutBlockFlow {DIV} at (0,262) size 784x228
        LayoutMenuList {SELECT} at (0,0) size 500x21 [bgcolor=#F8F8F8]
          LayoutBlockFlow (anonymous) at (0,0) size 500x21
            LayoutText (anonymous) at (316,2) size 161x16
              text run at (316,2) width 32: "First "
              text run at (347,2) width 49 RTL: ") \x{5E8}\x{5D1}\x{5D9}\x{5E2}\x{5D9}\x{5EA}"
              text run at (395,2) width 17: "03"
              text run at (411,2) width 38 RTL: "\x{5E9}\x{5E0}\x{5D9}\x{5D4} ("
              text run at (448,2) width 29: " fifth"
        LayoutBlockFlow {DIV} at (0,21) size 470x36
          LayoutText {#text} at (297,10) size 163x16
            text run at (297,10) width 33: "First "
            text run at (329,10) width 48 RTL: ") \x{5E8}\x{5D1}\x{5D9}\x{5E2}\x{5D9}\x{5EA}"
            text run at (376,10) width 18: "03"
            text run at (393,10) width 37 RTL: "\x{5E9}\x{5E0}\x{5D9}\x{5D4} ("
            text run at (429,10) width 31: " fifth"
        LayoutMenuList {SELECT} at (0,57) size 500x21 [bgcolor=#F8F8F8]
          LayoutBlockFlow (anonymous) at (0,0) size 500x21
            LayoutText (anonymous) at (316,2) size 161x16
              text run at (316,2) width 26: "fifth"
              text run at (341,2) width 53 RTL: ") \x{5E8}\x{5D1}\x{5D9}\x{5E2}\x{5D9}\x{5EA} "
              text run at (393,2) width 18: "03"
              text run at (410,2) width 41 RTL: " \x{5E9}\x{5E0}\x{5D9}\x{5D4} ("
              text run at (450,2) width 27: "First"
        LayoutBlockFlow {DIV} at (0,78) size 470x36
          LayoutText {#text} at (297,10) size 163x16
            text run at (297,10) width 28: "fifth"
            text run at (324,10) width 52 RTL: ") \x{5E8}\x{5D1}\x{5D9}\x{5E2}\x{5D9}\x{5EA} "
            text run at (375,10) width 17: "03"
            text run at (391,10) width 42 RTL: " \x{5E9}\x{5E0}\x{5D9}\x{5D4} ("
            text run at (432,10) width 28: "First"
        LayoutMenuList {SELECT} at (0,114) size 500x21 [bgcolor=#F8F8F8]
          LayoutBlockFlow (anonymous) at (0,0) size 500x21
            LayoutText (anonymous) at (316,2) size 161x16
              text run at (316,2) width 161 LTR override: "First \x{5E9}\x{5E0}\x{5D9}\x{5D4} (03) \x{5E8}\x{5D1}\x{5D9}\x{5E2}\x{5D9}\x{5EA} fifth"
        LayoutBlockFlow {DIV} at (0,135) size 470x36
          LayoutText {#text} at (297,10) size 163x16
            text run at (297,10) width 163 LTR override: "First \x{5E9}\x{5E0}\x{5D9}\x{5D4} (03) \x{5E8}\x{5D1}\x{5D9}\x{5E2}\x{5D9}\x{5EA} fifth"
        LayoutMenuList {SELECT} at (0,171) size 500x21 [bgcolor=#F8F8F8]
          LayoutBlockFlow (anonymous) at (0,0) size 500x21
            LayoutText (anonymous) at (316,2) size 161x16
              text run at (316,2) width 161 RTL override: "First \x{5E9}\x{5E0}\x{5D9}\x{5D4} (03) \x{5E8}\x{5D1}\x{5D9}\x{5E2}\x{5D9}\x{5EA} fifth"
        LayoutBlockFlow {DIV} at (0,192) size 470x36
          LayoutText {#text} at (297,10) size 163x16
            text run at (297,10) width 163 RTL override: "First \x{5E9}\x{5E0}\x{5D9}\x{5D4} (03) \x{5E8}\x{5D1}\x{5D9}\x{5E2}\x{5D9}\x{5EA} fifth"
