layer at (0,0) size 800x600
  LayoutView at (0,0) size 800x600
layer at (0,0) size 800x600
  LayoutBlockFlow {HTML} at (0,0) size 800x600
    LayoutBlockFlow {BODY} at (8,8) size 784x584
      LayoutFieldset {FIELDSET} at (2,0) size 780x37.59 [border: (2px groove #C0C0C0)]
        LayoutBlockFlow (anonymous) at (14,7.59) size 752x18
          LayoutText {#text} at (0,0) size 385x17
            text run at (0,0) width 385: "If you can see this fieldset without crashing, then all is well."
