layer at (0,0) size 800x600
  LayoutView at (0,0) size 800x600
layer at (0,0) size 800x116
  LayoutBlockFlow {HTML} at (0,0) size 800x116
    LayoutBlockFlow {BODY} at (8,16) size 784x92
      LayoutBlockFlow {P} at (0,0) size 784x20
        LayoutText {#text} at (0,0) size 727x19
          text run at (0,0) width 727: "crbug.com/636060: Ltr text in a ltr flow should truncate the text left-to-right and underline correctly in composition mode."
      LayoutBlockFlow {P} at (0,36) size 784x20
        LayoutText {#text} at (0,0) size 271x19
          text run at (0,0) width 271: "You should see an underline beneath the text."
layer at (8,88) size 125x20 scrollX 19.00 scrollWidth 145
  LayoutBlockFlow {DIV} at (0,72) size 125x20
    LayoutText {#text} at (0,0) size 144x19
      text run at (0,0) width 144: "abcdefghijklmnopqrstuv"
caret: position 22 of child 0 {#text} of child 4 {DIV} of body
