EDITING DELEGATE: webViewDidChangeSelection:WebViewDidChangeSelectionNotification
EDITING DELEGATE: webViewDidChangeSelection:WebViewDidChangeSelectionNotification
EDITING DELEGATE: webViewDidChange:WebViewDidChangeNotification
layer at (0,0) size 800x600
  LayoutView at (0,0) size 800x600
layer at (0,0) size 800x600
  LayoutBlockFlow {HTML} at (0,0) size 800x600
    LayoutBlockFlow {BODY} at (8,8) size 784x584
      LayoutBlockFlow {P} at (0,0) size 784x20
        LayoutText {#text} at (0,0) size 409x19
          text run at (0,0) width 409: "This is a replica of the paste that caused the crash covered by 8145."
      LayoutBlockFlow {DIV} at (0,36) size 784x42 [border: (1px solid #000000)]
        LayoutBlockFlow (anonymous) at (1,1) size 782x20
          LayoutText {#text} at (0,0) size 69x19
            text run at (0,0) width 69: "foo bar baz"
            text run at (69,0) width 0: " "
        LayoutBlockFlow {DIV} at (1,21) size 782x20
          LayoutBR {BR} at (0,0) size 0x19
caret: position 0 of child 0 {BR} of child 1 {DIV} of child 2 {DIV} of body
