layer at (0,0) size 800x600
  LayoutView at (0,0) size 800x600
layer at (0,0) size 800x418
  LayoutBlockFlow {HTML} at (0,0) size 800x418
    LayoutBlockFlow {BODY} at (8,8) size 784x402
      LayoutBlockFlow {DIV} at (10,10) size 110x110 [bgcolor=#008000]
      LayoutText {#text} at (130,116) size 4x18
        text run at (130,116) width 4: " "
      LayoutBlockFlow {DIV} at (144,10) size 110x110 [bgcolor=#008000]
      LayoutText {#text} at (264,116) size 4x18
        text run at (264,116) width 4: " "
      LayoutBlockFlow {DIV} at (278,10) size 110x110 [bgcolor=#008000]
      LayoutText {#text} at (398,116) size 4x18
        text run at (398,116) width 4: " "
      LayoutBR {BR} at (0,0) size 0x0
      LayoutBlockFlow {DIV} at (10,144) size 110x110 [bgcolor=#008000]
      LayoutText {#text} at (130,250) size 4x18
        text run at (130,250) width 4: " "
      LayoutBlockFlow {DIV} at (144,144) size 110x110 [bgcolor=#008000]
      LayoutText {#text} at (264,250) size 4x18
        text run at (264,250) width 4: " "
      LayoutBlockFlow {DIV} at (278,144) size 110x110 [bgcolor=#008000]
      LayoutText {#text} at (398,250) size 4x18
        text run at (398,250) width 4: " "
      LayoutBR {BR} at (0,0) size 0x0
      LayoutBlockFlow {DIV} at (10,278) size 110x110 [bgcolor=#008000]
      LayoutText {#text} at (130,384) size 4x18
        text run at (130,384) width 4: " "
      LayoutBlockFlow {DIV} at (144,278) size 110x110 [bgcolor=#008000]
      LayoutText {#text} at (264,384) size 4x18
        text run at (264,384) width 4: " "
      LayoutBlockFlow {DIV} at (278,278) size 110x110 [bgcolor=#008000]
      LayoutText {#text} at (398,384) size 4x18
        text run at (398,384) width 4: " "
      LayoutBR {BR} at (0,0) size 0x0
