layer at (0,0) size 800x600
  LayoutView at (0,0) size 800x600
layer at (0,0) size 800x80
  LayoutBlockFlow {HTML} at (0,0) size 800x80
    LayoutBlockFlow {BODY} at (8,16) size 784x56
      LayoutBlockFlow {P} at (0,0) size 784x18
        LayoutText {#text} at (0,0) size 385x17
          text run at (0,0) width 385: "crbug.com/634445: Select all text in mixed ltr-rtl in rtl flow."
      LayoutBlockFlow {DL} at (200,34) size 384x22
layer at (208,50) size 344x22 scrollX 55.00 scrollWidth 399
  LayoutBlockFlow {DD} at (0,0) size 344x22
    LayoutText {#text} at (-55,0) size 400x21
      text run at (-55,0) width 348 RTL: " \x{5DC}\x{5D5}\x{5E8}\x{5DD} \x{5D0}\x{5D9}\x{5E4}\x{5E1}\x{5D5}\x{5DD} \x{5D4}\x{5D5}\x{5D0} \x{5DB}\x{5D9}\x{5E0}\x{5D5}\x{5D9} \x{5DC}\x{5D8}\x{5E7}\x{5E1}\x{5D8} \x{5D7}\x{5E1}\x{5E8} \x{5DE}\x{5E9}\x{5DE}\x{5E2}\x{5D5}\x{5EA} \x{5DC}\x{5D7}\x{5DC}\x{5D5}\x{5D8}\x{5D9}\x{5DF}"
      text run at (292,0) width 52: "Lorem"
selection start: position 0 of child 0 {#text} of child 1 {DD} of child 2 {DL} of body
selection end:   position 52 of child 0 {#text} of child 1 {DD} of child 2 {DL} of body
