layer at (0,0) size 800x600
  LayoutView at (0,0) size 800x600
layer at (0,0) size 800x600
  LayoutBlockFlow {HTML} at (0,0) size 800x600
    LayoutBlockFlow {BODY} at (12,12) size 776x543
      LayoutBlockFlow {P} at (0,0) size 776x28
        LayoutText {#text} at (0,0) size 275x27
          text run at (0,0) width 275: "Zoomed video with controls."
layer at (57,85) size 240x180
  LayoutVideo {VIDEO} at (45,73) size 240x180
layer at (57,85) size 240x180
  LayoutFlexibleBox (relative positioned) {DIV} at (0,0) size 240x180
    LayoutBlockFlow {DIV} at (0,132) size 240x48
layer at (57,85) size 240x117
  LayoutFlexibleBox (relative positioned) {DIV} at (0,0) size 240x117
layer at (57,217) size 240x48 scrollWidth 284 scrollHeight 60
  LayoutFlexibleBox (relative positioned) {DIV} at (0,0) size 240x48 [bgcolor=#FAFAFA]
    LayoutButton {INPUT} at (0,0) size 48x48
    LayoutSlider {INPUT} at (75,22.50) size 37.50x3
      LayoutFlexibleBox {DIV} at (0,0) size 37.50x3
        LayoutBlockFlow {DIV} at (-27,-34.50) size 91.50x72
          LayoutBlockFlow {DIV} at (0,0) size 54x72
    LayoutButton {INPUT} at (139.50,0) size 48x48
    LayoutButton {INPUT} at (235.50,0) size 48x48
layer at (245,217) size 48x48
  LayoutButton {INPUT} at (187.50,0) size 48x48
layer at (57,310) size 240x180
  LayoutVideo {VIDEO} at (45,298) size 240x180
layer at (57,310) size 240x180
  LayoutFlexibleBox (relative positioned) {DIV} at (0,0) size 240x180
    LayoutBlockFlow {DIV} at (0,132) size 240x48
layer at (57,310) size 240x117
  LayoutFlexibleBox (relative positioned) {DIV} at (0,0) size 240x117
layer at (57,442) size 240x48 scrollWidth 284 scrollHeight 60
  LayoutFlexibleBox (relative positioned) {DIV} at (0,0) size 240x48 [bgcolor=#FAFAFA]
    LayoutButton {INPUT} at (0,0) size 48x48
    LayoutSlider {INPUT} at (75,22.50) size 37.50x3
      LayoutFlexibleBox {DIV} at (0,0) size 37.50x3
        LayoutBlockFlow {DIV} at (-27,-34.50) size 91.50x72
          LayoutBlockFlow {DIV} at (0,0) size 54x72
    LayoutButton {INPUT} at (139.50,0) size 48x48
    LayoutButton {INPUT} at (235.50,0) size 48x48
layer at (245,442) size 48x48 backgroundClip at (245,442) size 47x27 clip at (245,442) size 47x27
  LayoutButton {INPUT} at (187.50,0) size 48x48
