layer at (0,0) size 800x600
  LayoutView at (0,0) size 800x600
layer at (0,0) size 800x52
  LayoutBlockFlow {HTML} at (0,0) size 800x52
    LayoutBlockFlow {BODY} at (8,8) size 784x36
      LayoutBlockFlow {DIV} at (0,0) size 784x36
        LayoutBlockFlow (anonymous) at (0,0) size 784x18
          LayoutText {#text} at (0,0) size 8x18
            text run at (0,0) width 8: "x"
        LayoutBlockFlow {DIV} at (0,18) size 784x18
          LayoutText {#text} at (0,0) size 26x18
            text run at (0,0) width 26: "zz a"
caret: position 3 of child 0 {#text} of child 1 {DIV} of child 0 {DIV} of body
